[assembly: System.Reflection.AssemblyMetadata("RepositoryUrl", "https://github.com/mauroservienti/NServiceBus.AttributeRouting.Contracts")]
namespace NServiceBus.AttributeRouting.Contracts
{
    [System.AttributeUsage(System.AttributeTargets.Assembly)]
    public class RouteAttribute : System.Attribute
    {
        public RouteAttribute(string commandsTo = null, string messagesTo = null) { }
        public string CommandsDestination { get; }
        public string MessagesDestination { get; }
    }
    [System.AttributeUsage(System.AttributeTargets.Class, Inherited=false)]
    public class RouteToAttribute : System.Attribute
    {
        public RouteToAttribute(string destination) { }
        public string Destination { get; }
    }
}